<?xml version="1.0" encoding="UTF-8"?>
<testsuites>
  <testsuite name="C:\Users\User\Desktop\stage20252026\server\phpunit.xml" tests="78" assertions="135" errors="0" failures="0" skipped="0" time="6.640961">
    <testsuite name="Unit" tests="40" assertions="50" errors="0" failures="0" skipped="0" time="0.055519">
      <testsuite name="Tests\Unit\DestinationTest" file="C:\Users\User\Desktop\stage20252026\server\tests\Unit\DestinationTest.php" tests="6" assertions="6" errors="0" failures="0" skipped="0" time="0.040589">
        <testcase name="test_hasNom_retourne_true_si_nom_renseigne" file="C:\Users\User\Desktop\stage20252026\server\tests\Unit\DestinationTest.php" line="26" class="Tests\Unit\DestinationTest" classname="Tests.Unit.DestinationTest" assertions="1" time="0.037740"/>
        <testcase name="test_hasNom_retourne_false_si_nom_vide" file="C:\Users\User\Desktop\stage20252026\server\tests\Unit\DestinationTest.php" line="33" class="Tests\Unit\DestinationTest" classname="Tests.Unit.DestinationTest" assertions="1" time="0.000784"/>
        <testcase name="test_hasNom_retourne_false_si_nom_manquant" file="C:\Users\User\Desktop\stage20252026\server\tests\Unit\DestinationTest.php" line="40" class="Tests\Unit\DestinationTest" classname="Tests.Unit.DestinationTest" assertions="1" time="0.000166"/>
        <testcase name="test_hasRegion_retourne_true_si_region_renseignee" file="C:\Users\User\Desktop\stage20252026\server\tests\Unit\DestinationTest.php" line="49" class="Tests\Unit\DestinationTest" classname="Tests.Unit.DestinationTest" assertions="1" time="0.000173"/>
        <testcase name="test_hasRegion_retourne_false_si_region_vide" file="C:\Users\User\Desktop\stage20252026\server\tests\Unit\DestinationTest.php" line="56" class="Tests\Unit\DestinationTest" classname="Tests.Unit.DestinationTest" assertions="1" time="0.000148"/>
        <testcase name="test_getNomComplet_retourne_format_correct" file="C:\Users\User\Desktop\stage20252026\server\tests\Unit\DestinationTest.php" line="65" class="Tests\Unit\DestinationTest" classname="Tests.Unit.DestinationTest" assertions="1" time="0.001579"/>
      </testsuite>
      <testsuite name="Tests\Unit\ExampleTest" file="C:\Users\User\Desktop\stage20252026\server\tests\Unit\ExampleTest.php" tests="1" assertions="1" errors="0" failures="0" skipped="0" time="0.000209">
        <testcase name="test_that_true_is_true" file="C:\Users\User\Desktop\stage20252026\server\tests\Unit\ExampleTest.php" line="12" class="Tests\Unit\ExampleTest" classname="Tests.Unit.ExampleTest" assertions="1" time="0.000209"/>
      </testsuite>
      <testsuite name="Tests\Unit\HotelTest" file="C:\Users\User\Desktop\stage20252026\server\tests\Unit\HotelTest.php" tests="8" assertions="12" errors="0" failures="0" skipped="0" time="0.002801">
        <testcase name="test_isDisponible_retourne_true_quand_disponible" file="C:\Users\User\Desktop\stage20252026\server\tests\Unit\HotelTest.php" line="26" class="Tests\Unit\HotelTest" classname="Tests.Unit.HotelTest" assertions="1" time="0.001293"/>
        <testcase name="test_isDisponible_retourne_false_quand_indisponible" file="C:\Users\User\Desktop\stage20252026\server\tests\Unit\HotelTest.php" line="33" class="Tests\Unit\HotelTest" classname="Tests.Unit.HotelTest" assertions="1" time="0.000200"/>
        <testcase name="test_isEtoilesValide_retourne_true_pour_1_a_5" file="C:\Users\User\Desktop\stage20252026\server\tests\Unit\HotelTest.php" line="42" class="Tests\Unit\HotelTest" classname="Tests.Unit.HotelTest" assertions="5" time="0.000374"/>
        <testcase name="test_isEtoilesValide_retourne_false_pour_zero" file="C:\Users\User\Desktop\stage20252026\server\tests\Unit\HotelTest.php" line="53" class="Tests\Unit\HotelTest" classname="Tests.Unit.HotelTest" assertions="1" time="0.000183"/>
        <testcase name="test_isEtoilesValide_retourne_false_pour_six" file="C:\Users\User\Desktop\stage20252026\server\tests\Unit\HotelTest.php" line="60" class="Tests\Unit\HotelTest" classname="Tests.Unit.HotelTest" assertions="1" time="0.000181"/>
        <testcase name="test_isPrixValide_retourne_true_pour_prix_positif" file="C:\Users\User\Desktop\stage20252026\server\tests\Unit\HotelTest.php" line="69" class="Tests\Unit\HotelTest" classname="Tests.Unit.HotelTest" assertions="1" time="0.000225"/>
        <testcase name="test_isPrixValide_retourne_false_pour_prix_zero" file="C:\Users\User\Desktop\stage20252026\server\tests\Unit\HotelTest.php" line="76" class="Tests\Unit\HotelTest" classname="Tests.Unit.HotelTest" assertions="1" time="0.000177"/>
        <testcase name="test_isPrixValide_retourne_false_pour_prix_negatif" file="C:\Users\User\Desktop\stage20252026\server\tests\Unit\HotelTest.php" line="83" class="Tests\Unit\HotelTest" classname="Tests.Unit.HotelTest" assertions="1" time="0.000168"/>
      </testsuite>
      <testsuite name="Tests\Unit\ReservationTest" file="C:\Users\User\Desktop\stage20252026\server\tests\Unit\ReservationTest.php" tests="17" assertions="23" errors="0" failures="0" skipped="0" time="0.009574">
        <testcase name="test_getNbNuits_retourne_nombre_correct" file="C:\Users\User\Desktop\stage20252026\server\tests\Unit\ReservationTest.php" line="32" class="Tests\Unit\ReservationTest" classname="Tests.Unit.ReservationTest" assertions="1" time="0.001519"/>
        <testcase name="test_getNbNuits_retourne_zero_si_meme_date" file="C:\Users\User\Desktop\stage20252026\server\tests\Unit\ReservationTest.php" line="42" class="Tests\Unit\ReservationTest" classname="Tests.Unit.ReservationTest" assertions="1" time="0.000286"/>
        <testcase name="test_getNbNuits_retourne_zero_si_depart_avant_arrivee" file="C:\Users\User\Desktop\stage20252026\server\tests\Unit\ReservationTest.php" line="52" class="Tests\Unit\ReservationTest" classname="Tests.Unit.ReservationTest" assertions="1" time="0.000233"/>
        <testcase name="test_getNbNuits_retourne_zero_si_dates_manquantes" file="C:\Users\User\Desktop\stage20252026\server\tests\Unit\ReservationTest.php" line="62" class="Tests\Unit\ReservationTest" classname="Tests.Unit.ReservationTest" assertions="1" time="0.000195"/>
        <testcase name="test_calculatePrixTotal_correct_sans_enfants" file="C:\Users\User\Desktop\stage20252026\server\tests\Unit\ReservationTest.php" line="71" class="Tests\Unit\ReservationTest" classname="Tests.Unit.ReservationTest" assertions="1" time="0.001584"/>
        <testcase name="test_calculatePrixTotal_avec_enfants_de_differents_ages" file="C:\Users\User\Desktop\stage20252026\server\tests\Unit\ReservationTest.php" line="84" class="Tests\Unit\ReservationTest" classname="Tests.Unit.ReservationTest" assertions="1" time="0.000227"/>
        <testcase name="test_calculatePrixTotal_une_nuit_une_chambre_sans_enfants" file="C:\Users\User\Desktop\stage20252026\server\tests\Unit\ReservationTest.php" line="97" class="Tests\Unit\ReservationTest" classname="Tests.Unit.ReservationTest" assertions="1" time="0.000276"/>
        <testcase name="test_calculatePrixTotal_zero_si_meme_date" file="C:\Users\User\Desktop\stage20252026\server\tests\Unit\ReservationTest.php" line="109" class="Tests\Unit\ReservationTest" classname="Tests.Unit.ReservationTest" assertions="1" time="0.000213"/>
        <testcase name="test_isStatutValide_retourne_true_pour_en_attente" file="C:\Users\User\Desktop\stage20252026\server\tests\Unit\ReservationTest.php" line="123" class="Tests\Unit\ReservationTest" classname="Tests.Unit.ReservationTest" assertions="1" time="0.000164"/>
        <testcase name="test_isStatutValide_retourne_true_pour_confirmee" file="C:\Users\User\Desktop\stage20252026\server\tests\Unit\ReservationTest.php" line="130" class="Tests\Unit\ReservationTest" classname="Tests.Unit.ReservationTest" assertions="1" time="0.000125"/>
        <testcase name="test_isStatutValide_retourne_true_pour_annulee" file="C:\Users\User\Desktop\stage20252026\server\tests\Unit\ReservationTest.php" line="137" class="Tests\Unit\ReservationTest" classname="Tests.Unit.ReservationTest" assertions="1" time="0.000119"/>
        <testcase name="test_isStatutValide_retourne_false_pour_statut_inconnu" file="C:\Users\User\Desktop\stage20252026\server\tests\Unit\ReservationTest.php" line="144" class="Tests\Unit\ReservationTest" classname="Tests.Unit.ReservationTest" assertions="3" time="0.000152"/>
        <testcase name="test_canTransitionTo_en_attente_vers_confirmee" file="C:\Users\User\Desktop\stage20252026\server\tests\Unit\ReservationTest.php" line="155" class="Tests\Unit\ReservationTest" classname="Tests.Unit.ReservationTest" assertions="1" time="0.000150"/>
        <testcase name="test_canTransitionTo_en_attente_vers_annulee" file="C:\Users\User\Desktop\stage20252026\server\tests\Unit\ReservationTest.php" line="162" class="Tests\Unit\ReservationTest" classname="Tests.Unit.ReservationTest" assertions="1" time="0.000128"/>
        <testcase name="test_canTransitionTo_annulee_est_etat_terminal" file="C:\Users\User\Desktop\stage20252026\server\tests\Unit\ReservationTest.php" line="169" class="Tests\Unit\ReservationTest" classname="Tests.Unit.ReservationTest" assertions="2" time="0.000143"/>
        <testcase name="test_canTransitionTo_retourne_false_pour_statut_invalide" file="C:\Users\User\Desktop\stage20252026\server\tests\Unit\ReservationTest.php" line="177" class="Tests\Unit\ReservationTest" classname="Tests.Unit.ReservationTest" assertions="1" time="0.000205"/>
        <testcase name="test_getStatutsValides_contient_les_trois_statuts" file="C:\Users\User\Desktop\stage20252026\server\tests\Unit\ReservationTest.php" line="186" class="Tests\Unit\ReservationTest" classname="Tests.Unit.ReservationTest" assertions="4" time="0.003857"/>
      </testsuite>
      <testsuite name="Tests\Unit\VoyageTest" file="C:\Users\User\Desktop\stage20252026\server\tests\Unit\VoyageTest.php" tests="8" assertions="8" errors="0" failures="0" skipped="0" time="0.002346">
        <testcase name="test_isPrixValide_retourne_true_pour_prix_positif" file="C:\Users\User\Desktop\stage20252026\server\tests\Unit\VoyageTest.php" line="26" class="Tests\Unit\VoyageTest" classname="Tests.Unit.VoyageTest" assertions="1" time="0.001172"/>
        <testcase name="test_isPrixValide_retourne_false_pour_prix_zero" file="C:\Users\User\Desktop\stage20252026\server\tests\Unit\VoyageTest.php" line="33" class="Tests\Unit\VoyageTest" classname="Tests.Unit.VoyageTest" assertions="1" time="0.000229"/>
        <testcase name="test_isPrixValide_retourne_false_pour_prix_negatif" file="C:\Users\User\Desktop\stage20252026\server\tests\Unit\VoyageTest.php" line="40" class="Tests\Unit\VoyageTest" classname="Tests.Unit.VoyageTest" assertions="1" time="0.000191"/>
        <testcase name="test_isDureeValide_retourne_true_pour_un_jour" file="C:\Users\User\Desktop\stage20252026\server\tests\Unit\VoyageTest.php" line="49" class="Tests\Unit\VoyageTest" classname="Tests.Unit.VoyageTest" assertions="1" time="0.000211"/>
        <testcase name="test_isDureeValide_retourne_true_pour_une_semaine" file="C:\Users\User\Desktop\stage20252026\server\tests\Unit\VoyageTest.php" line="56" class="Tests\Unit\VoyageTest" classname="Tests.Unit.VoyageTest" assertions="1" time="0.000140"/>
        <testcase name="test_isDureeValide_retourne_false_pour_zero_jour" file="C:\Users\User\Desktop\stage20252026\server\tests\Unit\VoyageTest.php" line="63" class="Tests\Unit\VoyageTest" classname="Tests.Unit.VoyageTest" assertions="1" time="0.000130"/>
        <testcase name="test_getDureeLabel_retourne_un_jour_au_singulier" file="C:\Users\User\Desktop\stage20252026\server\tests\Unit\VoyageTest.php" line="72" class="Tests\Unit\VoyageTest" classname="Tests.Unit.VoyageTest" assertions="1" time="0.000139"/>
        <testcase name="test_getDureeLabel_retourne_pluriel_pour_plusieurs_jours" file="C:\Users\User\Desktop\stage20252026\server\tests\Unit\VoyageTest.php" line="79" class="Tests\Unit\VoyageTest" classname="Tests.Unit.VoyageTest" assertions="1" time="0.000132"/>
      </testsuite>
    </testsuite>
    <testsuite name="Feature" tests="38" assertions="85" errors="0" failures="0" skipped="0" time="6.585442">
      <testsuite name="Tests\Feature\AuthTest" file="C:\Users\User\Desktop\stage20252026\server\tests\Feature\AuthTest.php" tests="4" assertions="9" errors="0" failures="0" skipped="0" time="1.326557">
        <testcase name="test_register_returns_token" file="C:\Users\User\Desktop\stage20252026\server\tests\Feature\AuthTest.php" line="14" class="Tests\Feature\AuthTest" classname="Tests.Feature.AuthTest" assertions="3" time="0.904790"/>
        <testcase name="test_login_correct_returns_200" file="C:\Users\User\Desktop\stage20252026\server\tests\Feature\AuthTest.php" line="30" class="Tests\Feature\AuthTest" classname="Tests.Feature.AuthTest" assertions="3" time="0.090833"/>
        <testcase name="test_login_wrong_password_returns_401" file="C:\Users\User\Desktop\stage20252026\server\tests\Feature\AuthTest.php" line="47" class="Tests\Feature\AuthTest" classname="Tests.Feature.AuthTest" assertions="1" time="0.274118"/>
        <testcase name="test_logout_revokes_token" file="C:\Users\User\Desktop\stage20252026\server\tests\Feature\AuthTest.php" line="63" class="Tests\Feature\AuthTest" classname="Tests.Feature.AuthTest" assertions="2" time="0.056816"/>
      </testsuite>
      <testsuite name="Tests\Feature\AvisApiTest" file="C:\Users\User\Desktop\stage20252026\server\tests\Feature\AvisApiTest.php" tests="5" assertions="19" errors="0" failures="0" skipped="0" time="0.212595">
        <testcase name="test_get_avis_returns_list_and_stats" file="C:\Users\User\Desktop\stage20252026\server\tests\Feature\AvisApiTest.php" line="26" class="Tests\Feature\AvisApiTest" classname="Tests.Feature.AvisApiTest" assertions="10" time="0.048047"/>
        <testcase name="test_post_avis_without_token_returns_401" file="C:\Users\User\Desktop\stage20252026\server\tests\Feature\AvisApiTest.php" line="67" class="Tests\Feature\AvisApiTest" classname="Tests.Feature.AvisApiTest" assertions="1" time="0.033168"/>
        <testcase name="test_post_avis_with_token_creates_or_updates" file="C:\Users\User\Desktop\stage20252026\server\tests\Feature\AvisApiTest.php" line="79" class="Tests\Feature\AvisApiTest" classname="Tests.Feature.AvisApiTest" assertions="5" time="0.054690"/>
        <testcase name="test_post_avis_invalid_notes_returns_422" file="C:\Users\User\Desktop\stage20252026\server\tests\Feature\AvisApiTest.php" line="118" class="Tests\Feature\AvisApiTest" classname="Tests.Feature.AvisApiTest" assertions="1" time="0.037629"/>
        <testcase name="test_delete_avis_authorized" file="C:\Users\User\Desktop\stage20252026\server\tests\Feature\AvisApiTest.php" line="133" class="Tests\Feature\AvisApiTest" classname="Tests.Feature.AvisApiTest" assertions="2" time="0.039062"/>
      </testsuite>
      <testsuite name="Tests\Feature\ChambreApiTest" file="C:\Users\User\Desktop\stage20252026\server\tests\Feature\ChambreApiTest.php" tests="6" assertions="13" errors="0" failures="0" skipped="0" time="0.249698">
        <testcase name="test_get_chambres_returns_list" file="C:\Users\User\Desktop\stage20252026\server\tests\Feature\ChambreApiTest.php" line="33" class="Tests\Feature\ChambreApiTest" classname="Tests.Feature.ChambreApiTest" assertions="2" time="0.053465"/>
        <testcase name="test_get_chambre_inexistante_returns_404" file="C:\Users\User\Desktop\stage20252026\server\tests\Feature\ChambreApiTest.php" line="46" class="Tests\Feature\ChambreApiTest" classname="Tests.Feature.ChambreApiTest" assertions="1" time="0.037146"/>
        <testcase name="test_create_chambre_without_token_returns_401" file="C:\Users\User\Desktop\stage20252026\server\tests\Feature\ChambreApiTest.php" line="53" class="Tests\Feature\ChambreApiTest" classname="Tests.Feature.ChambreApiTest" assertions="1" time="0.035154"/>
        <testcase name="test_create_chambre_valid_returns_201" file="C:\Users\User\Desktop\stage20252026\server\tests\Feature\ChambreApiTest.php" line="61" class="Tests\Feature\ChambreApiTest" classname="Tests.Feature.ChambreApiTest" assertions="3" time="0.038721"/>
        <testcase name="test_update_chambre_prix_returns_200" file="C:\Users\User\Desktop\stage20252026\server\tests\Feature\ChambreApiTest.php" line="81" class="Tests\Feature\ChambreApiTest" classname="Tests.Feature.ChambreApiTest" assertions="3" time="0.044980"/>
        <testcase name="test_delete_chambre_returns_200" file="C:\Users\User\Desktop\stage20252026\server\tests\Feature\ChambreApiTest.php" line="102" class="Tests\Feature\ChambreApiTest" classname="Tests.Feature.ChambreApiTest" assertions="3" time="0.040232"/>
      </testsuite>
      <testsuite name="Tests\Feature\ExampleTest" file="C:\Users\User\Desktop\stage20252026\server\tests\Feature\ExampleTest.php" tests="1" assertions="1" errors="0" failures="0" skipped="0" time="0.048552">
        <testcase name="test_the_application_returns_a_successful_response" file="C:\Users\User\Desktop\stage20252026\server\tests\Feature\ExampleTest.php" line="13" class="Tests\Feature\ExampleTest" classname="Tests.Feature.ExampleTest" assertions="1" time="0.048552"/>
      </testsuite>
      <testsuite name="Tests\Feature\FavoriApiTest" file="C:\Users\User\Desktop\stage20252026\server\tests\Feature\FavoriApiTest.php" tests="3" assertions="12" errors="0" failures="0" skipped="0" time="0.153955">
        <testcase name="test_unauthorized_user_cannot_access_favoris" file="C:\Users\User\Desktop\stage20252026\server\tests\Feature\FavoriApiTest.php" line="33" class="Tests\Feature\FavoriApiTest" classname="Tests.Feature.FavoriApiTest" assertions="1" time="0.034946"/>
        <testcase name="test_user_can_toggle_hotel_favori" file="C:\Users\User\Desktop\stage20252026\server\tests\Feature\FavoriApiTest.php" line="39" class="Tests\Feature\FavoriApiTest" classname="Tests.Feature.FavoriApiTest" assertions="8" time="0.062318"/>
        <testcase name="test_user_can_get_favoris_list" file="C:\Users\User\Desktop\stage20252026\server\tests\Feature\FavoriApiTest.php" line="76" class="Tests\Feature\FavoriApiTest" classname="Tests.Feature.FavoriApiTest" assertions="3" time="0.056690"/>
      </testsuite>
      <testsuite name="Tests\Feature\HotelApiTest" file="C:\Users\User\Desktop\stage20252026\server\tests\Feature\HotelApiTest.php" tests="5" assertions="8" errors="0" failures="0" skipped="0" time="0.336174">
        <testcase name="test_get_hotels_returns_list" file="C:\Users\User\Desktop\stage20252026\server\tests\Feature\HotelApiTest.php" line="24" class="Tests\Feature\HotelApiTest" classname="Tests.Feature.HotelApiTest" assertions="2" time="0.105188"/>
        <testcase name="test_get_hotel_by_id_returns_correct_hotel" file="C:\Users\User\Desktop\stage20252026\server\tests\Feature\HotelApiTest.php" line="36" class="Tests\Feature\HotelApiTest" classname="Tests.Feature.HotelApiTest" assertions="2" time="0.092693"/>
        <testcase name="test_get_hotel_inexistant_returns_404" file="C:\Users\User\Desktop\stage20252026\server\tests\Feature\HotelApiTest.php" line="47" class="Tests\Feature\HotelApiTest" classname="Tests.Feature.HotelApiTest" assertions="1" time="0.037126"/>
        <testcase name="test_create_hotel_without_token_returns_401" file="C:\Users\User\Desktop\stage20252026\server\tests\Feature\HotelApiTest.php" line="54" class="Tests\Feature\HotelApiTest" classname="Tests.Feature.HotelApiTest" assertions="1" time="0.032519"/>
        <testcase name="test_create_hotel_with_token_returns_201" file="C:\Users\User\Desktop\stage20252026\server\tests\Feature\HotelApiTest.php" line="66" class="Tests\Feature\HotelApiTest" classname="Tests.Feature.HotelApiTest" assertions="2" time="0.068648"/>
      </testsuite>
      <testsuite name="Tests\Feature\ProfilApiTest" file="C:\Users\User\Desktop\stage20252026\server\tests\Feature\ProfilApiTest.php" tests="3" assertions="5" errors="0" failures="0" skipped="0" time="0.174486">
        <testcase name="test_me_returns_authenticated_user" file="C:\Users\User\Desktop\stage20252026\server\tests\Feature\ProfilApiTest.php" line="14" class="Tests\Feature\ProfilApiTest" classname="Tests.Feature.ProfilApiTest" assertions="2" time="0.090833"/>
        <testcase name="test_update_profile_updates_correctly" file="C:\Users\User\Desktop\stage20252026\server\tests\Feature\ProfilApiTest.php" line="27" class="Tests\Feature\ProfilApiTest" classname="Tests.Feature.ProfilApiTest" assertions="2" time="0.046464"/>
        <testcase name="test_update_password_wrong_current_returns_422" file="C:\Users\User\Desktop\stage20252026\server\tests\Feature\ProfilApiTest.php" line="45" class="Tests\Feature\ProfilApiTest" classname="Tests.Feature.ProfilApiTest" assertions="1" time="0.037190"/>
      </testsuite>
      <testsuite name="Tests\Feature\ReservationAdminTest" file="C:\Users\User\Desktop\stage20252026\server\tests\Feature\ReservationAdminTest.php" tests="6" assertions="10" errors="0" failures="0" skipped="0" time="2.942900">
        <testcase name="test_get_all_reservations_without_admin_returns_401" file="C:\Users\User\Desktop\stage20252026\server\tests\Feature\ReservationAdminTest.php" line="50" class="Tests\Feature\ReservationAdminTest" classname="Tests.Feature.ReservationAdminTest" assertions="1" time="0.046984"/>
        <testcase name="test_admin_can_list_all_reservations" file="C:\Users\User\Desktop\stage20252026\server\tests\Feature\ReservationAdminTest.php" line="62" class="Tests\Feature\ReservationAdminTest" classname="Tests.Feature.ReservationAdminTest" assertions="2" time="0.049760"/>
        <testcase name="test_admin_can_confirm_reservation" file="C:\Users\User\Desktop\stage20252026\server\tests\Feature\ReservationAdminTest.php" line="74" class="Tests\Feature\ReservationAdminTest" classname="Tests.Feature.ReservationAdminTest" assertions="2" time="1.098203"/>
        <testcase name="test_admin_can_cancel_reservation" file="C:\Users\User\Desktop\stage20252026\server\tests\Feature\ReservationAdminTest.php" line="86" class="Tests\Feature\ReservationAdminTest" classname="Tests.Feature.ReservationAdminTest" assertions="2" time="0.963375"/>
        <testcase name="test_admin_update_invalid_statut_returns_422" file="C:\Users\User\Desktop\stage20252026\server\tests\Feature\ReservationAdminTest.php" line="98" class="Tests\Feature\ReservationAdminTest" classname="Tests.Feature.ReservationAdminTest" assertions="1" time="0.047007"/>
        <testcase name="test_admin_can_delete_reservation" file="C:\Users\User\Desktop\stage20252026\server\tests\Feature\ReservationAdminTest.php" line="110" class="Tests\Feature\ReservationAdminTest" classname="Tests.Feature.ReservationAdminTest" assertions="2" time="0.737571"/>
      </testsuite>
      <testsuite name="Tests\Feature\ReservationApiTest" file="C:\Users\User\Desktop\stage20252026\server\tests\Feature\ReservationApiTest.php" tests="5" assertions="8" errors="0" failures="0" skipped="0" time="1.140524">
        <testcase name="test_create_reservation_without_token_returns_401" file="C:\Users\User\Desktop\stage20252026\server\tests\Feature\ReservationApiTest.php" line="58" class="Tests\Feature\ReservationApiTest" classname="Tests.Feature.ReservationApiTest" assertions="1" time="0.043510"/>
        <testcase name="test_create_reservation_with_invalid_data_returns_422" file="C:\Users\User\Desktop\stage20252026\server\tests\Feature\ReservationApiTest.php" line="65" class="Tests\Feature\ReservationApiTest" classname="Tests.Feature.ReservationApiTest" assertions="1" time="0.088159"/>
        <testcase name="test_create_reservation_valid_returns_201_with_prix" file="C:\Users\User\Desktop\stage20252026\server\tests\Feature\ReservationApiTest.php" line="78" class="Tests\Feature\ReservationApiTest" classname="Tests.Feature.ReservationApiTest" assertions="3" time="0.911729"/>
        <testcase name="test_create_reservation_chambre_wrong_hotel_returns_422" file="C:\Users\User\Desktop\stage20252026\server\tests\Feature\ReservationApiTest.php" line="103" class="Tests\Feature\ReservationApiTest" classname="Tests.Feature.ReservationApiTest" assertions="2" time="0.047960"/>
        <testcase name="test_create_reservation_capacite_insuffisante_returns_422" file="C:\Users\User\Desktop\stage20252026\server\tests\Feature\ReservationApiTest.php" line="139" class="Tests\Feature\ReservationApiTest" classname="Tests.Feature.ReservationApiTest" assertions="1" time="0.049167"/>
      </testsuite>
    </testsuite>
  </testsuite>
</testsuites>
